// Jest Snapshot v1, https://goo.gl/fbAQLP

exports[`render empty grouped list 1`] = `
<div>
  <div
    style={
      Object {
        "WebkitOverflowScrolling": "touch",
        "height": "100%",
        "outline": "none",
        "overflowY": "auto",
        "position": "relative",
      }
    }
    tabIndex={0}
  >
    <div
      style={
        Object {
          "height": "100%",
          "position": "absolute",
          "top": 0,
          "width": "100%",
        }
      }
    >
      <div
        style={
          Object {
            "marginTop": "0px",
          }
        }
      />
    </div>
    <div
      style={
        Object {
          "height": "0px",
          "position": "absolute",
          "top": 0,
        }
      }
    >
       
    </div>
  </div>
</div>
`;

exports[`render empty list 1`] = `
<div>
  <div
    style={
      Object {
        "WebkitOverflowScrolling": "touch",
        "height": "100%",
        "outline": "none",
        "overflowY": "auto",
        "position": "relative",
      }
    }
    tabIndex={0}
  >
    <div
      style={
        Object {
          "height": "100%",
          "position": "absolute",
          "top": 0,
          "width": "100%",
        }
      }
    >
      <div
        style={
          Object {
            "marginTop": "0px",
          }
        }
      />
    </div>
    <div
      style={
        Object {
          "height": "0px",
          "position": "absolute",
          "top": 0,
        }
      }
    >
       
    </div>
  </div>
</div>
`;
